// Jest Snapshot v1, https://goo.gl/fbAQLP

exports[`convertToJcamp check valid with jcampconverter 1`] = `
"##TITLE=test
##JCAMP-DX=4.24
##DATA TYPE=MASS SPECTRUM
##ORIGIN=manually
##OWNER=cheminfo
##XUNITS=M/Z
##YUNITS=relative abundance
##FIRSTX=1
##LASTX=8
##FIRSTY=2
##LASTY=9
##$info1=value1
##$info2=value2
##$header=ABCDE
##NPOINTS=8
##PEAK TABLE=(XY..XY)
1 2
2 3
3 4
4 5
5 6
6 7
7 8
8 9
##END"
`;
